21
21
21
"\xE6"
"\xA5\xE6\x9C"
"\x88"
"\x97\xA5\xE6"
6
18
6
["\xE6", "\x97", "\xA5", "\xE6", "\x9C", "\xAC", "\xE8", "\xAA", "\x9E", "\xE3", "\x83", "\x86", "\xE3", "\x82", "\xAD", "\xE3", "\x82", "\xB9", "\xE3", "\x83", "\x88"]
"\x88\x83\xE3\xB9\x82\xE3\xAD\x82\xE3\x86\x83\xE3\x9E\xAA\xE8\xAC\x9C\xE6\xA5\x97\xE6"
["\xE6", "\x97", "\xA5", "\xE6", "\x9C", "\xAC", "\xE8", "\xAA", "\x9E", "\xE3", "\x83", "\x86", "\xE3", "\x82", "\xAD", "\xE3", "\x82", "\xB9", "\xE3", "\x83", "\x88"]
21
true
true
true
"\xE6\x97\xA5\xE6\x9C\xAC\xE8\xAA\x9E\xE6\x96\x87\xE5\xAD\x97"
"\xE6\x97\xA5\xE6\x9C\xAC\xE8\xAA\x9E\xE3\x83\x86\xE3\x82\xAD\xE3\x82\xB9-"
"\xE6\x97\xA5\xE6\x9C\xAC\xE8\xAA\x9E\xE3\x83\x86\xE3\x82\xAD\xE3\x82\xB9\xE3\x83\x88"
"\xE6\x97\xA5\xE6\x9C\xAC\xE8\xAA\x9E\xE3\x83\x86\xE3\x82\xAD\xE3\x82\xB9\xE3\x83\x88"
"\xE6\x97\xA5\xE6\x9C\xAC\xE8\xAA\x9E\xE3\x83\x86\xE3\x82\xAD\xE3\x82\xB9\xE3\x83\x88"
"\"\\xE6\\x97\\xA5\\xE6\\x9C\\xAC\\xE8\\xAA\\x9E\\xE3\\x83\\x86\\xE3\\x82\\xAD\\xE3\\x82\\xB9\\xE3\\x83\\x88\""
230
"\xE6"
"\xE3\x81\x83"
"\xEF\xBD\x9B"
["\xE3\x82\xA2", "\xE3\x82\xA3", "\xE3\x82\xA4", "\xE3\x82\xA5", "\xE3\x82\xA6", "\xE3\x82\xA7", "\xE3\x82\xA8"]
"\xE6\x97\xA5\xE6\x9C\xAC\xE8\xAA\x9E\xE3\x83\x86\xE3\x82\xAD\xE3\x82\xB9\xE3\x83\x88|  \xE3\x81\x82|\xE3\x81\x82  |\xE6\x97"
"B"
"a"
"STRA\xC3\x9FE"
"\xC3\x84\xC3\x96\xC3\x9C"
"\xEF\xAC\x81"
"\xC3\x84\xC3\xB6"
false
1
7
7
7
"\xE3\x81\x82\x80\xE3\x81\x84"
"\xE3\x81\x82\x80\xE3\x81\x84"
3
3
3
3
1
"\"\\xE3\\x81\\x82\""
